Error in file(filename, "r", encoding = encoding) : 
  cannot open the connection
In addition: Warning message:
In file(filename, "r", encoding = encoding) :
  cannot open file 'material	est_simulator2_pkc.R': Invalid argument
